   Compiling n2f-rs v0.1.0 (/private/var/folders/_t/3ghz_tk90d53wy21s4tb20h80000gn/T/n2f-auth-mail-mutations-i8eqsvjc/work)
    Finished `test` profile [unoptimized + debuginfo] target(s) in 2.04s
     Running tests/identity_app_spec.rs (/private/tmp/n2f-identity-mutations-rs/debug/deps/identity_app_spec-4ae3bfe9bcd0c09b)

running 14 tests
test u02_config_validates_once ... ok
test u05_request_verification_outcomes ... ok
test u04_register_hashes_before_store_and_mails_after_commit ... ok
test u05_u12_inactive_principal_receives_no_challenge_or_mail ... FAILED
test u07_login_issues_a_fresh_session_only_for_verified_active_matches ... ok
test u04_register_refusals_and_failures_keep_their_meaning ... ok
test u13_reset_password_consumes_and_replaces_without_a_session ... ok
test u12_request_reset_mails_even_unverified_credentials ... ok
test u04_duplicate_is_accepted_without_replacement_or_mail ... ok
test u10_logout_all_increments_the_epoch_with_a_guard ... ok
test u11_change_password_verifies_proof_then_replaces_with_guards ... ok
test u08_authenticate_resolves_through_storage ... ok
test u06_verify_email_requires_password_proof_and_consumes_once ... ok
test u09_logout_is_idempotent ... ok

failures:

---- u05_u12_inactive_principal_receives_no_challenge_or_mail stdout ----

thread 'u05_u12_inactive_principal_receives_no_challenge_or_mail' panicked at tests/identity_app_spec.rs:1588:9:
EmailVerification
note: run with `RUST_BACKTRACE=1` environment variable to display a backtrace


failures:
    u05_u12_inactive_principal_receives_no_challenge_or_mail

test result: FAILED. 13 passed; 1 failed; 0 ignored; 0 measured; 0 filtered out; finished in 0.01s

error: test failed, to rerun pass `--test identity_app_spec`
