   Compiling n2f-rs v0.1.0 (/private/var/folders/_t/3ghz_tk90d53wy21s4tb20h80000gn/T/n2f-auth-adapter-mutations-_433dd0d/work)
    Finished `test` profile [unoptimized + debuginfo] target(s) in 1.74s
     Running tests/password_hash_spec.rs (/private/tmp/n2f-identity-mutations-rs/debug/deps/password_hash_spec-5abacc088d84dcfc)

running 10 tests
test h09_failures_carry_no_secret_text ... ok
test h08_configuration_is_validated ... ok
test h02_entropy_failure_refuses_without_fallback ... ok
test h03_corrupt_records_never_run_the_work ... FAILED
test h06_abandoned_waiter_leaves_the_queue ... ok
test h06_saturation_and_queue_timeout_refuse_without_a_slot ... ok
test h07_in_flight_work_completes_past_the_queue_wait_and_releases_after_panic ... ok
test h05_absent_credential_costs_work_and_always_mismatches ... ok
test h03_h04_verify_outcomes_follow_fixture ... FAILED
test h01_h10_hashes_reproduce_fixture_records ... ok

failures:

---- h03_corrupt_records_never_run_the_work stdout ----

thread 'h03_corrupt_records_never_run_the_work' panicked at tests/password_hash_spec.rs:142:5:
assertion `left == right` failed
  left: 2
 right: 0
note: run with `RUST_BACKTRACE=1` environment variable to display a backtrace

---- h03_h04_verify_outcomes_follow_fixture stdout ----

thread 'h03_h04_verify_outcomes_follow_fixture' panicked at tests/password_hash_spec.rs:56:18:
expected refusal identity.credential_corrupt


failures:
    h03_corrupt_records_never_run_the_work
    h03_h04_verify_outcomes_follow_fixture

test result: FAILED. 8 passed; 2 failed; 0 ignored; 0 measured; 0 filtered out; finished in 1.60s

error: test failed, to rerun pass `--test password_hash_spec`
