   Compiling n2f-rs v0.1.0 (/private/var/folders/_t/3ghz_tk90d53wy21s4tb20h80000gn/T/n2f-auth-adapter-mutations-_433dd0d/work)
    Finished `test` profile [unoptimized + debuginfo] target(s) in 1.83s
     Running tests/password_hash_spec.rs (/private/tmp/n2f-identity-mutations-rs/debug/deps/password_hash_spec-5abacc088d84dcfc)

running 10 tests
test h08_configuration_is_validated ... ok
test h09_failures_carry_no_secret_text ... ok
test h02_entropy_failure_refuses_without_fallback ... ok
test h03_corrupt_records_never_run_the_work ... ok
test h06_abandoned_waiter_leaves_the_queue ... ok
test h06_saturation_and_queue_timeout_refuse_without_a_slot ... ok
test h07_in_flight_work_completes_past_the_queue_wait_and_releases_after_panic ... ok
test h05_absent_credential_costs_work_and_always_mismatches ... ok
test h03_h04_verify_outcomes_follow_fixture ... ok
test h01_h10_hashes_reproduce_fixture_records ... ok

test result: ok. 10 passed; 0 failed; 0 ignored; 0 measured; 0 filtered out; finished in 1.61s

     Running tests/token_codec_spec.rs (/private/tmp/n2f-identity-mutations-rs/debug/deps/token_codec_spec-17b507e05f92958f)

running 5 tests
test t05_issued_has_no_debug_presentation ... ok
test t01_entropy_failure_refuses_without_fallback ... ok
test t02_t07_noncanonical_secrets_are_refused ... ok
test t01_t04_t05_issue_round_trips_and_redacts ... FAILED
test t02_t03_t07_fixture_digests ... FAILED

failures:

---- t01_t04_t05_issue_round_trips_and_redacts stdout ----

thread 't01_t04_t05_issue_round_trips_and_redacts' panicked at tests/token_codec_spec.rs:136:5:
assertion `left != right` failed
  left: [99, 13, 205, 41, 102, 196, 51, 102, 145, 18, 84, 72, 187, 178, 91, 79, 244, 18, 164, 156, 115, 45, 178, 200, 171, 193, 184, 88, 27, 215, 16, 221]
 right: [99, 13, 205, 41, 102, 196, 51, 102, 145, 18, 84, 72, 187, 178, 91, 79, 244, 18, 164, 156, 115, 45, 178, 200, 171, 193, 184, 88, 27, 215, 16, 221]

---- t02_t03_t07_fixture_digests stdout ----

thread 't02_t03_t07_fixture_digests' panicked at tests/token_codec_spec.rs:73:9:
assertion `left == right` failed: session/sequence
  left: [99, 13, 205, 41, 102, 196, 51, 102, 145, 18, 84, 72, 187, 178, 91, 79, 244, 18, 164, 156, 115, 45, 178, 200, 171, 193, 184, 88, 27, 215, 16, 221]
 right: [20, 179, 26, 124, 85, 219, 213, 129, 55, 145, 95, 246, 58, 69, 188, 1, 76, 192, 98, 164, 188, 125, 87, 57, 219, 177, 155, 172, 249, 185, 177, 19]
note: run with `RUST_BACKTRACE=1` environment variable to display a backtrace


failures:
    t01_t04_t05_issue_round_trips_and_redacts
    t02_t03_t07_fixture_digests

test result: FAILED. 3 passed; 2 failed; 0 ignored; 0 measured; 0 filtered out; finished in 0.00s

error: test failed, to rerun pass `--test token_codec_spec`
