   Compiling n2f-rs v0.1.0 (/private/var/folders/_t/3ghz_tk90d53wy21s4tb20h80000gn/T/n2f-auth-adapter-mutations-_433dd0d/work)
    Finished `test` profile [unoptimized + debuginfo] target(s) in 1.85s
     Running tests/password_hash_spec.rs (/private/tmp/n2f-identity-mutations-rs/debug/deps/password_hash_spec-5abacc088d84dcfc)

running 10 tests
test h09_failures_carry_no_secret_text ... ok
test h08_configuration_is_validated ... ok
test h02_entropy_failure_refuses_without_fallback ... ok
test h03_corrupt_records_never_run_the_work ... ok
test h06_abandoned_waiter_leaves_the_queue ... ok
test h06_saturation_and_queue_timeout_refuse_without_a_slot ... ok
test h07_in_flight_work_completes_past_the_queue_wait_and_releases_after_panic ... ok
test h05_absent_credential_costs_work_and_always_mismatches ... FAILED
test h03_h04_verify_outcomes_follow_fixture ... ok
test h01_h10_hashes_reproduce_fixture_records ... ok

failures:

---- h05_absent_credential_costs_work_and_always_mismatches stdout ----

thread 'h05_absent_credential_costs_work_and_always_mismatches' panicked at tests/password_hash_spec.rs:163:5:
assertion `left == right` failed
  left: Match
 right: Mismatch


failures:
    h05_absent_credential_costs_work_and_always_mismatches

test result: FAILED. 9 passed; 1 failed; 0 ignored; 0 measured; 0 filtered out; finished in 1.61s

error: test failed, to rerun pass `--test password_hash_spec`
