   Compiling n2f-rs v0.1.0 (/private/var/folders/_t/3ghz_tk90d53wy21s4tb20h80000gn/T/n2f-auth-adapter-mutations-_433dd0d/work)
warning: unused variable: `position`
   --> src/domains/identity/password_hash/mod.rs:155:13
    |
155 |         let position = self.queued.fetch_add(1, Ordering::SeqCst);
    |             ^^^^^^^^ help: if this is intentional, prefix it with an underscore: `_position`
    |
    = note: `#[warn(unused_variables)]` on by default

warning: `n2f-rs` (lib) generated 1 warning
    Finished `test` profile [unoptimized + debuginfo] target(s) in 1.80s
     Running tests/password_hash_spec.rs (/private/tmp/n2f-identity-mutations-rs/debug/deps/password_hash_spec-5abacc088d84dcfc)

running 10 tests
test h09_failures_carry_no_secret_text ... ok
test h08_configuration_is_validated ... ok
test h02_entropy_failure_refuses_without_fallback ... ok
test h03_corrupt_records_never_run_the_work ... ok
test h06_saturation_and_queue_timeout_refuse_without_a_slot ... FAILED
test h07_in_flight_work_completes_past_the_queue_wait_and_releases_after_panic ... ok
test h05_absent_credential_costs_work_and_always_mismatches ... ok
test h03_h04_verify_outcomes_follow_fixture ... ok
test h01_h10_hashes_reproduce_fixture_records ... ok
test h06_abandoned_waiter_leaves_the_queue ... FAILED

failures:

---- h06_saturation_and_queue_timeout_refuse_without_a_slot stdout ----

thread 'h06_saturation_and_queue_timeout_refuse_without_a_slot' panicked at tests/password_hash_spec.rs:60:5:
assertion `left == right` failed: identity.hash_saturated
  left: Timeout
 right: Unavailable
note: run with `RUST_BACKTRACE=1` environment variable to display a backtrace

thread 'tokio-runtime-worker' panicked at tests/password_hash_spec.rs:282:45:
called `Result::unwrap()` on an `Err` value: RecvError

---- h06_abandoned_waiter_leaves_the_queue stdout ----

thread 'h06_abandoned_waiter_leaves_the_queue' panicked at tests/password_hash_spec.rs:60:5:
assertion `left == right` failed: identity.hash_saturated
  left: Timeout
 right: Unavailable

thread 'tokio-runtime-worker' panicked at tests/password_hash_spec.rs:282:45:
called `Result::unwrap()` on an `Err` value: RecvError


failures:
    h06_abandoned_waiter_leaves_the_queue
    h06_saturation_and_queue_timeout_refuse_without_a_slot

test result: FAILED. 8 passed; 2 failed; 0 ignored; 0 measured; 0 filtered out; finished in 5.02s

error: test failed, to rerun pass `--test password_hash_spec`
