   Compiling typenum v1.20.1
   Compiling subtle v2.6.1
   Compiling cmov v0.5.4
   Compiling rustls v0.23.37
   Compiling ctutils v0.4.2
   Compiling generic-array v0.14.7
   Compiling hybrid-array v0.4.15
   Compiling block-buffer v0.10.4
   Compiling crypto-common v0.1.7
   Compiling block-buffer v0.12.1
   Compiling crypto-common v0.2.2
   Compiling digest v0.10.7
   Compiling sha2 v0.10.9
   Compiling signature v2.2.0
   Compiling curve25519-dalek v4.1.3
   Compiling sha1 v0.10.6
   Compiling hmac v0.12.1
   Compiling md-5 v0.10.6
   Compiling ed25519 v2.2.3
   Compiling signatory v0.27.1
   Compiling hkdf v0.12.4
   Compiling tungstenite v0.28.0
   Compiling ed25519-dalek v2.2.0
   Compiling nkeys v0.4.5
   Compiling digest v0.11.3
   Compiling tokio-tungstenite v0.28.0
   Compiling blake2 v0.11.0
   Compiling argon2 v0.6.0
   Compiling axum v0.8.6
   Compiling tokio-rustls v0.26.4
   Compiling sqlx-core v0.8.6
   Compiling hyper-rustls v0.27.7
   Compiling async-nats v0.39.0
   Compiling reqwest v0.12.28
   Compiling opentelemetry-http v0.31.0
   Compiling sqlx-postgres v0.8.6
   Compiling opentelemetry-otlp v0.31.0
   Compiling sqlx v0.8.6
   Compiling n2f-rs v0.1.0 (/private/var/folders/_t/3ghz_tk90d53wy21s4tb20h80000gn/T/n2f-auth-adapter-mutations-_433dd0d/work)
    Finished `test` profile [unoptimized + debuginfo] target(s) in 8.00s
     Running tests/password_hash_spec.rs (/private/tmp/n2f-identity-mutations-rs/debug/deps/password_hash_spec-5abacc088d84dcfc)

running 10 tests
test h09_failures_carry_no_secret_text ... ok
test h08_configuration_is_validated ... ok
test h02_entropy_failure_refuses_without_fallback ... ok
test h03_corrupt_records_never_run_the_work ... ok
test h06_abandoned_waiter_leaves_the_queue ... ok
test h06_saturation_and_queue_timeout_refuse_without_a_slot ... ok
test h07_in_flight_work_completes_past_the_queue_wait_and_releases_after_panic ... ok
test h05_absent_credential_costs_work_and_always_mismatches ... ok
test h03_h04_verify_outcomes_follow_fixture ... ok
test h01_h10_hashes_reproduce_fixture_records ... ok

test result: ok. 10 passed; 0 failed; 0 ignored; 0 measured; 0 filtered out; finished in 1.58s

     Running tests/token_codec_spec.rs (/private/tmp/n2f-identity-mutations-rs/debug/deps/token_codec_spec-17b507e05f92958f)

running 5 tests
test t01_entropy_failure_refuses_without_fallback ... ok
test t05_issued_has_no_debug_presentation ... ok
test t02_t07_noncanonical_secrets_are_refused ... ok
test t01_t04_t05_issue_round_trips_and_redacts ... ok
test t02_t03_t07_fixture_digests ... ok

test result: ok. 5 passed; 0 failed; 0 ignored; 0 measured; 0 filtered out; finished in 0.00s

