   Compiling n2f-rs v0.1.0 (/private/var/folders/_t/3ghz_tk90d53wy21s4tb20h80000gn/T/n2f-auth-adapter-mutations-_433dd0d/work)
    Finished `test` profile [unoptimized + debuginfo] target(s) in 1.85s
     Running tests/password_hash_spec.rs (/private/tmp/n2f-identity-mutations-rs/debug/deps/password_hash_spec-5abacc088d84dcfc)

running 10 tests
test h08_configuration_is_validated ... ok
test h09_failures_carry_no_secret_text ... ok
test h02_entropy_failure_refuses_without_fallback ... ok
test h03_corrupt_records_never_run_the_work ... ok
test h06_abandoned_waiter_leaves_the_queue ... FAILED
test h06_saturation_and_queue_timeout_refuse_without_a_slot ... FAILED
test h07_in_flight_work_completes_past_the_queue_wait_and_releases_after_panic ... FAILED
test h03_h04_verify_outcomes_follow_fixture ... FAILED
test h05_absent_credential_costs_work_and_always_mismatches ... ok
test h01_h10_hashes_reproduce_fixture_records ... ok

failures:

---- h06_abandoned_waiter_leaves_the_queue stdout ----

thread 'h06_abandoned_waiter_leaves_the_queue' panicked at tests/password_hash_spec.rs:380:26:
called `Result::unwrap()` on an `Err` value: Failure { kind: Internal, message: "stored password record is corrupt", error_type: Some("identity.credential_corrupt"), fields: {}, details: {}, source: None }
note: run with `RUST_BACKTRACE=1` environment variable to display a backtrace

thread 'tokio-runtime-worker' panicked at tests/password_hash_spec.rs:282:45:
called `Result::unwrap()` on an `Err` value: RecvError

---- h06_saturation_and_queue_timeout_refuse_without_a_slot stdout ----

thread 'h06_saturation_and_queue_timeout_refuse_without_a_slot' panicked at tests/password_hash_spec.rs:336:37:
called `Result::unwrap()` on an `Err` value: Failure { kind: Internal, message: "stored password record is corrupt", error_type: Some("identity.credential_corrupt"), fields: {}, details: {}, source: None }

thread 'tokio-runtime-worker' panicked at tests/password_hash_spec.rs:282:45:
called `Result::unwrap()` on an `Err` value: RecvError

---- h07_in_flight_work_completes_past_the_queue_wait_and_releases_after_panic stdout ----

thread 'h07_in_flight_work_completes_past_the_queue_wait_and_releases_after_panic' panicked at tests/password_hash_spec.rs:404:48:
called `Result::unwrap()` on an `Err` value: Failure { kind: Internal, message: "stored password record is corrupt", error_type: Some("identity.credential_corrupt"), fields: {}, details: {}, source: None }

---- h03_h04_verify_outcomes_follow_fixture stdout ----

thread 'h03_h04_verify_outcomes_follow_fixture' panicked at tests/password_hash_spec.rs:116:45:
called `Result::unwrap()` on an `Err` value: Failure { kind: Internal, message: "stored password record is corrupt", error_type: Some("identity.credential_corrupt"), fields: {}, details: {}, source: None }


failures:
    h03_h04_verify_outcomes_follow_fixture
    h06_abandoned_waiter_leaves_the_queue
    h06_saturation_and_queue_timeout_refuse_without_a_slot
    h07_in_flight_work_completes_past_the_queue_wait_and_releases_after_panic

test result: FAILED. 6 passed; 4 failed; 0 ignored; 0 measured; 0 filtered out; finished in 1.59s

error: test failed, to rerun pass `--test password_hash_spec`
