   Compiling n2f-rs v0.1.0 (/private/var/folders/_t/3ghz_tk90d53wy21s4tb20h80000gn/T/n2f-auth-transport-mutations-tszjp_i7/work)
    Finished `test` profile [unoptimized + debuginfo] target(s) in 1.75s
     Running tests/identity_local_spec.rs (/private/tmp/n2f-identity-mutations-rs/debug/deps/identity_local_spec-32267c9fa7a4476b)

running 7 tests
test l02_invalid_limits_refused ... ok
test b02_missing_or_empty_list_is_configuration_failure ... ok
test l01_state_holds_only_keyed_digests ... ok
test m01_undelivered_mail_reports_not_delivered_and_retains_nothing ... ok
test l01_l02_buckets_are_independent_and_refuse_with_retry_after ... ok
test b01_matches_are_exact_after_nfc_and_case_folding ... ok
test l03_bounded_store_evicts_expired_and_refuses_when_full ... FAILED

failures:

---- l03_bounded_store_evicts_expired_and_refuses_when_full stdout ----

thread 'l03_bounded_store_evicts_expired_and_refuses_when_full' panicked at tests/identity_local_spec.rs:159:58:
called `Result::unwrap_err()` on an `Ok` value: Permitted
note: run with `RUST_BACKTRACE=1` environment variable to display a backtrace


failures:
    l03_bounded_store_evicts_expired_and_refuses_when_full

test result: FAILED. 6 passed; 1 failed; 0 ignored; 0 measured; 0 filtered out; finished in 0.00s

error: test failed, to rerun pass `--test identity_local_spec`
