   Compiling n2f-rs v0.1.0 (/private/var/folders/_t/3ghz_tk90d53wy21s4tb20h80000gn/T/n2f-auth-store-mutations-l9w9jx2_/work)
warning: unused variable: `epoch`
   --> src/domains/identity/infra/postgres/mod.rs:447:23
    |
447 |             let Some((epoch, principal, credential)) = lock_identity(tx, s.principal_id).await? else { return Err(marker(STALE)) };
    |                       ^^^^^ help: if this is intentional, prefix it with an underscore: `_epoch`
    |
    = note: `#[warn(unused_variables)]` on by default

warning: `n2f-rs` (lib) generated 1 warning
    Finished `test` profile [unoptimized + debuginfo] target(s) in 1.97s
     Running tests/identity_store_integration.rs (/private/tmp/n2f-identity-mutations-rs/debug/deps/identity_store_integration-f04adfaeb4ded22f)

running 1 test
test identity_store_scenarios ... FAILED

failures:

---- identity_store_scenarios stdout ----

thread 'identity_store_scenarios' panicked at tests/identity_store_integration.rs:367:5:
assertion `left == right` failed
  left: Committed
 right: Stale
note: run with `RUST_BACKTRACE=1` environment variable to display a backtrace


failures:
    identity_store_scenarios

test result: FAILED. 0 passed; 1 failed; 0 ignored; 0 measured; 0 filtered out; finished in 0.22s

error: test failed, to rerun pass `--test identity_store_integration`
