   Compiling proc-macro2 v1.0.106
   Compiling quote v1.0.45
   Compiling unicode-ident v1.0.24
   Compiling libc v0.2.186
   Compiling serde_core v1.0.228
   Compiling serde v1.0.228
   Compiling cfg-if v1.0.4
   Compiling pin-project-lite v0.2.17
   Compiling futures-core v0.3.34
   Compiling typenum v1.20.1
   Compiling subtle v2.6.1
   Compiling itoa v1.0.18
   Compiling once_cell v1.21.4
   Compiling log v0.4.30
   Compiling version_check v0.9.5
   Compiling memchr v2.8.1
   Compiling zeroize v1.8.2
   Compiling futures-sink v0.3.34
   Compiling tracing-core v0.1.36
   Compiling stable_deref_trait v1.2.1
   Compiling slab v0.4.12
   Compiling futures-channel v0.3.34
   Compiling futures-task v0.3.34
   Compiling percent-encoding v2.3.2
   Compiling futures-io v0.3.34
   Compiling zerocopy v0.8.57
   Compiling rustls-pki-types v1.14.0
   Compiling shlex v2.0.1
   Compiling generic-array v0.14.7
   Compiling find-msvc-tools v0.1.12
   Compiling writeable v0.6.4
   Compiling litemap v0.8.3
   Compiling cc v1.4.5
   Compiling icu_properties_data v2.2.0
   Compiling icu_normalizer_data v2.2.0
   Compiling utf8_iter v1.0.4
   Compiling base64 v0.22.1
   Compiling untrusted v0.9.0
   Compiling thiserror v2.0.20
   Compiling tower-service v0.3.3
   Compiling form_urlencoded v1.2.2
   Compiling rustls v0.23.37
   Compiling getrandom v0.3.4
   Compiling httparse v1.10.1
   Compiling sync_wrapper v1.0.2
   Compiling tower-layer v0.3.3
   Compiling bitflags v2.11.1
   Compiling webpki-roots v1.0.6
   Compiling base64ct v1.8.3
   Compiling try-lock v0.2.5
   Compiling zmij v1.0.21
   Compiling want v0.3.1
   Compiling atomic-waker v1.1.2
   Compiling httpdate v1.0.3
   Compiling syn v2.0.117
   Compiling syn v3.0.5
   Compiling anyhow v1.0.102
   Compiling ring v0.17.14
   Compiling parking_lot_core v0.9.12
   Compiling semver v1.0.27
   Compiling serde_json v1.0.149
   Compiling errno v0.3.14
   Compiling signal-hook-registry v1.4.8
   Compiling mio v1.2.3
   Compiling socket2 v0.6.5
   Compiling crypto-common v0.1.7
   Compiling block-buffer v0.10.4
   Compiling digest v0.10.7
   Compiling getrandom v0.2.17
   Compiling cpufeatures v0.2.17
   Compiling rand_core v0.6.4
   Compiling sha2 v0.10.9
   Compiling rustc_version v0.4.1
   Compiling pem-rfc7468 v0.7.0
   Compiling const-oid v0.9.6
   Compiling autocfg v1.5.1
   Compiling ipnet v2.12.2
   Compiling crossbeam-utils v0.8.23
   Compiling scopeguard v1.2.0
   Compiling either v1.18.0
   Compiling equivalent v1.0.2
   Compiling num-traits v0.2.19
   Compiling itertools v0.14.0
   Compiling lock_api v0.4.14
   Compiling rand_core v0.9.5
   Compiling der v0.7.10
   Compiling curve25519-dalek v4.1.3
   Compiling signature v2.2.0
   Compiling hybrid-array v0.4.15
   Compiling core-foundation-sys v0.8.7
   Compiling ryu v1.0.23
   Compiling synstructure v0.13.2
   Compiling allocator-api2 v0.2.21
   Compiling tinyvec_macros v0.1.1
   Compiling data-encoding v2.10.0
   Compiling foldhash v0.1.5
   Compiling tinyvec v1.13.2
   Compiling hashbrown v0.15.5
   Compiling spki v0.7.3
   Compiling parking v2.2.1
   Compiling cmov v0.5.4
   Compiling crc-catalog v2.5.0
   Compiling hashbrown v0.17.1
   Compiling hashlink v0.10.0
   Compiling ctutils v0.4.2
   Compiling crc v3.4.0
   Compiling event-listener v5.4.2
   Compiling pkcs8 v0.10.2
   Compiling unicode-normalization v0.1.25
   Compiling crypto-common v0.2.2
   Compiling indexmap v2.14.0
   Compiling zerovec-derive v0.11.6
   Compiling futures-macro v0.3.34
   Compiling displaydoc v0.2.7
   Compiling thiserror-impl v2.0.20
   Compiling ppv-lite86 v0.2.21
   Compiling serde_derive v1.0.228
   Compiling tokio-macros v2.5.0
   Compiling zerofrom-derive v0.1.7
   Compiling yoke-derive v0.8.2
   Compiling tracing-attributes v0.1.31
   Compiling rand_chacha v0.9.0
   Compiling rand_chacha v0.3.1
   Compiling pin-project-internal v1.1.13
   Compiling futures-util v0.3.34
   Compiling rand v0.9.5
   Compiling rand v0.8.8
   Compiling async-trait v0.1.92
   Compiling prost-derive v0.14.4
   Compiling crossbeam-queue v0.3.14
   Compiling block-buffer v0.12.1
   Compiling core-foundation v0.9.4
   Compiling zerofrom v0.1.8
   Compiling security-framework-sys v2.17.0
   Compiling ed25519 v2.2.3
   Compiling sha1 v0.10.6
   Compiling tracing v0.1.44
   Compiling pin-project v1.1.13
   Compiling hmac v0.12.1
   Compiling webpki-roots v0.26.11
   Compiling aho-corasick v1.1.5
   Compiling thiserror v1.0.69
   Compiling portable-atomic v1.15.0
   Compiling regex-syntax v0.8.11
   Compiling unicode-bidi v0.3.18
   Compiling unicode-properties v0.1.4
   Compiling powerfmt v0.2.0
   Compiling utf-8 v0.7.6
   Compiling stringprep v0.1.5
   Compiling deranged v0.5.8
   Compiling hkdf v0.12.4
   Compiling yoke v0.8.3
   Compiling security-framework v2.11.1
   Compiling ed25519-dalek v2.2.0
   Compiling digest v0.11.3
   Compiling rustls-webpki v0.103.9
   Compiling atoi v2.0.0
   Compiling thiserror-impl v1.0.69
   Compiling signatory v0.27.1
   Compiling futures-executor v0.3.34
   Compiling regex-automata v0.4.18
   Compiling md-5 v0.10.6
   Compiling rustls-pemfile v2.2.0
   Compiling getrandom v0.4.1
   Compiling opentelemetry v0.31.0
   Compiling lazy_static v1.5.0
   Compiling whoami v1.6.1
   Compiling hex v0.4.3
   Compiling time-core v0.1.7
   Compiling num-conv v0.1.0
   Compiling byteorder v1.5.0
   Compiling dotenvy v0.15.7
   Compiling mime v0.3.17
   Compiling home v0.5.11
   Compiling time v0.3.45
   Compiling sharded-slab v0.1.7
   Compiling rustls-native-certs v0.7.3
   Compiling nkeys v0.4.5
   Compiling opentelemetry_sdk v0.31.0
   Compiling futures v0.3.34
   Compiling blake2 v0.11.0
   Compiling nuid v0.5.0
   Compiling serde_repr v0.1.21
   Compiling serde_path_to_error v0.1.20
   Compiling rustls-webpki v0.102.8
   Compiling tracing-log v0.2.0
   Compiling thread_local v1.1.10
   Compiling nu-ansi-term v0.50.3
   Compiling regex v1.13.1
   Compiling matchit v0.8.4
   Compiling argon2 v0.6.0
   Compiling zerovec v0.11.8
   Compiling zerotrie v0.2.5
   Compiling bytes v1.10.1
   Compiling smallvec v1.16.0
   Compiling serde_urlencoded v0.7.1
   Compiling serde_nanos v0.1.4
   Compiling tracing-subscriber v0.3.23
   Compiling parking_lot v0.12.5
   Compiling tokio v1.47.1
   Compiling http v1.5.0
   Compiling prost v0.14.4
   Compiling futures-intrusive v0.5.0
   Compiling http-body v1.0.1
   Compiling tungstenite v0.28.0
   Compiling http-body-util v0.1.5
   Compiling axum-core v0.5.6
   Compiling tinystr v0.8.4
   Compiling potential_utf v0.1.6
   Compiling icu_collections v2.2.0
   Compiling icu_locale_core v2.2.0
   Compiling icu_provider v2.2.0
   Compiling icu_normalizer v2.2.0
   Compiling icu_properties v2.2.0
   Compiling idna_adapter v1.2.2
   Compiling idna v1.1.0
   Compiling url v2.5.8
   Compiling tokio-stream v0.1.19
   Compiling hyper v1.11.1
   Compiling tower v0.5.3
   Compiling tokio-rustls v0.26.4
   Compiling tokio-util v0.7.19
   Compiling tryhard v0.5.2
   Compiling tokio-tungstenite v0.28.0
   Compiling async-nats v0.39.0
   Compiling tonic v0.14.5
   Compiling sqlx-core v0.8.6
   Compiling tower-http v0.6.11
   Compiling hyper-util v0.1.20
   Compiling hyper-rustls v0.27.7
   Compiling axum v0.8.6
   Compiling reqwest v0.12.28
   Compiling sqlx-postgres v0.8.6
   Compiling tonic-prost v0.14.5
   Compiling opentelemetry-proto v0.31.0
   Compiling opentelemetry-http v0.31.0
   Compiling opentelemetry-otlp v0.31.0
   Compiling sqlx v0.8.6
   Compiling n2f-rs v0.1.0 (/private/var/folders/_t/3ghz_tk90d53wy21s4tb20h80000gn/T/n2f-auth-http-mutations-h13kfgws/work)
    Finished `test` profile [unoptimized + debuginfo] target(s) in 15.81s
     Running tests/http_feature_spec.rs (/private/tmp/n2f-identity-mutations-rs/debug/deps/http_feature_spec-2f81e7eaee2da519)

running 6 tests
test h16_response_allowlist_and_host_cookie_refusals ... ok
test h15_cookie_parsing_keeps_duplicates_and_refuses_malformed ... ok
test h15_method_matching_and_allow_set ... ok
test h17_admission_runs_before_open ... ok
test h17_h18_admission_before_open_once_with_attribution_and_refusal ... ok
test h15_h16_post_body_head_and_set_cookie_over_the_wire ... ok

test result: ok. 6 passed; 0 failed; 0 ignored; 0 measured; 0 filtered out; finished in 0.01s

     Running tests/keyed_spec.rs (/private/tmp/n2f-identity-mutations-rs/debug/deps/keyed_spec-e019d4dd3840ca3d)

running 3 tests
test k01_short_or_missing_key_refused_and_key_redacted ... ok
test k02_purpose_binds_and_text_keys_are_utf8_bytes ... ok
test k05_vectors_sign_and_verify ... ok

test result: ok. 3 passed; 0 failed; 0 ignored; 0 measured; 0 filtered out; finished in 0.00s

