   Compiling n2f-rs v0.1.0 (/private/var/folders/_t/3ghz_tk90d53wy21s4tb20h80000gn/T/n2f-auth-http-mutations-h13kfgws/work)
    Finished `test` profile [unoptimized + debuginfo] target(s) in 1.90s
     Running tests/http_feature_spec.rs (/private/tmp/n2f-identity-mutations-rs/debug/deps/http_feature_spec-2f81e7eaee2da519)

running 6 tests
test h15_cookie_parsing_keeps_duplicates_and_refuses_malformed ... ok
test h16_response_allowlist_and_host_cookie_refusals ... ok
test h15_method_matching_and_allow_set ... ok
test h17_admission_runs_before_open ... ok
test h17_h18_admission_before_open_once_with_attribution_and_refusal ... ok
test h15_h16_post_body_head_and_set_cookie_over_the_wire ... ok

test result: ok. 6 passed; 0 failed; 0 ignored; 0 measured; 0 filtered out; finished in 0.01s

     Running tests/keyed_spec.rs (/private/tmp/n2f-identity-mutations-rs/debug/deps/keyed_spec-e019d4dd3840ca3d)

running 3 tests
test k01_short_or_missing_key_refused_and_key_redacted ... ok
test k02_purpose_binds_and_text_keys_are_utf8_bytes ... FAILED
test k05_vectors_sign_and_verify ... FAILED

failures:

---- k02_purpose_binds_and_text_keys_are_utf8_bytes stdout ----

thread 'k02_purpose_binds_and_text_keys_are_utf8_bytes' panicked at tests/keyed_spec.rs:51:5:
assertion `left == right` failed
  left: [208, 120, 21, 117, 40, 80, 100, 147, 97, 201, 214, 95, 219, 61, 46, 8, 71, 15, 230, 52, 49, 148, 83, 178, 205, 221, 144, 161, 53, 56, 182, 74]
 right: [194, 159, 53, 51, 40, 121, 128, 227, 186, 137, 228, 171, 62, 216, 122, 29, 135, 233, 40, 174, 145, 9, 195, 130, 39, 244, 0, 140, 165, 109, 150, 114]

---- k05_vectors_sign_and_verify stdout ----

thread 'k05_vectors_sign_and_verify' panicked at tests/keyed_spec.rs:28:9:
assertion `left == right` failed: "basic"
  left: [208, 120, 21, 117, 40, 80, 100, 147, 97, 201, 214, 95, 219, 61, 46, 8, 71, 15, 230, 52, 49, 148, 83, 178, 205, 221, 144, 161, 53, 56, 182, 74]
 right: [194, 159, 53, 51, 40, 121, 128, 227, 186, 137, 228, 171, 62, 216, 122, 29, 135, 233, 40, 174, 145, 9, 195, 130, 39, 244, 0, 140, 165, 109, 150, 114]
note: run with `RUST_BACKTRACE=1` environment variable to display a backtrace


failures:
    k02_purpose_binds_and_text_keys_are_utf8_bytes
    k05_vectors_sign_and_verify

test result: FAILED. 1 passed; 2 failed; 0 ignored; 0 measured; 0 filtered out; finished in 0.00s

error: test failed, to rerun pass `--test keyed_spec`
