   Compiling n2f-rs v0.1.0 (/private/var/folders/_t/3ghz_tk90d53wy21s4tb20h80000gn/T/n2f-identity-mutations-z1aaj32d/work)
warning: unused variable: `expected`
  --> src/domains/identity/domain/mod.rs:65:42
   |
65 |     fn transition(&self, status: Status, expected: u32, at: i64) -> Result<Self, Failure> {
   |                                          ^^^^^^^^ help: if this is intentional, prefix it with an underscore: `_expected`
   |
   = note: `#[warn(unused_variables)]` on by default

warning: `n2f-rs` (lib) generated 1 warning
    Finished `test` profile [unoptimized + debuginfo] target(s) in 1.47s
     Running tests/identity_domain_spec.rs (/private/tmp/n2f-identity-mutations-rs/debug/deps/identity_domain_spec-96e551e3f6127106)

running 4 tests
test restore_preserves_history ... ok
test registration_and_owned_snapshot ... ok
test strict_name_and_time ... ok
test versioned_immutable_lifecycle ... FAILED

failures:

---- versioned_immutable_lifecycle stdout ----

thread 'versioned_immutable_lifecycle' panicked at tests/identity_domain_spec.rs:79:5:
assertion `left == right` failed
  left: "identity.state_conflict"
 right: "identity.version_conflict"
note: run with `RUST_BACKTRACE=1` environment variable to display a backtrace


failures:
    versioned_immutable_lifecycle

test result: FAILED. 3 passed; 1 failed; 0 ignored; 0 measured; 0 filtered out; finished in 0.00s

error: test failed, to rerun pass `--test identity_domain_spec`
